---
source: src/core/generator/from_proto.rs
expression: result
---
schema @server @upstream {
  query: Query
  subscription: Subscription
}

input GEN__streaming__EventRequest {
  topic: String!
}

type GEN__streaming__Event {
  data: String!
  id: Int!
}

type Query {
  GEN__streaming__EventService__GetEvent(eventRequest: GEN__streaming__EventRequest!): GEN__streaming__Event @grpc(url: "http://localhost:50051", body: "{{.args.eventRequest}}", method: "streaming.EventService.GetEvent")
}

type Subscription {
  GEN__streaming__EventService__WatchEvents(eventRequest: GEN__streaming__EventRequest!): GEN__streaming__Event @grpc(url: "http://localhost:50051", body: "{{.args.eventRequest}}", method: "streaming.EventService.WatchEvents")
}
