---
source: src/core/generator/from_proto.rs
expression: result
---
schema @server @upstream {
  query: Query
}

input GEN__google__protobuf__DurationInput {
  nanos: Int!
  seconds: Int64!
}

input GEN__google__protobuf__Int32ValueInput {
  value: Int!
}

input GEN__google__protobuf__StringValue {
  value: String!
}

input GEN__google__protobuf__TimestampInput {
  nanos: Int!
  seconds: Int64!
}

"""
movie message payload
"""
input GEN__movies__MovieInput {
  """
  list of cast
  """
  cast: [String!]!
  duration: GEN__google__protobuf__DurationInput
  genre: GEN__movies__Genre!
  name: String!
  rating: Float!
  """
  SubMovie reference
  """
  subMovie: GEN__movies__Movie__SubMovieInput
  time: GEN__google__protobuf__TimestampInput
  year: GEN__google__protobuf__Int32ValueInput
}

input GEN__movies__MovieRequest {
  movie: GEN__movies__MovieInput
}

"""
This is a comment for submovie
"""
input GEN__movies__Movie__SubMovieInput {
  """
  This is a comment for movie format in submovie
  """
  format: GEN__movies__Movie__MovieFormat!
  """
  This is a comment for sub_rating
  """
  subRating: Float!
}

input GEN__movies__SearchByCastRequest {
  castName: GEN__google__protobuf__StringValue
}

"""
This is a comment for Genre enum
"""
enum GEN__movies__Genre {
  ""
  This is a comment for DRAMA variant
  ""
  DRAMA
  ""
  This is a comment for UNSPECIFIED variant
  ""
  UNSPECIFIED
  ACTION
}

"""
Represents the format in which a movie can be released
"""
enum GEN__movies__Movie__MovieFormat {
  ""
  The movie is released in IMAX format
  ""
  IMAX
}

type GEN__google__protobuf__Duration {
  nanos: Int!
  seconds: Int64!
}

type GEN__google__protobuf__Int32Value {
  value: Int!
}

type GEN__google__protobuf__Timestamp {
  nanos: Int!
  seconds: Int64!
}

  """
  movie message payload
  """
type GEN__movies__Movie {
  """
  list of cast
  """
  cast: [String!]!
  duration: GEN__google__protobuf__Duration
  genre: GEN__movies__Genre!
  name: String!
  rating: Float!
  """
  SubMovie reference
  """
  subMovie: GEN__movies__Movie__SubMovie
  time: GEN__google__protobuf__Timestamp
  year: GEN__google__protobuf__Int32Value
}

  """
  This is a comment for submovie
  """
type GEN__movies__Movie__SubMovie {
  """
  This is a comment for movie format in submovie
  """
  format: GEN__movies__Movie__MovieFormat!
  """
  This is a comment for sub_rating
  """
  subRating: Float!
}

  """
  movie result message, contains list of movies
  """
type GEN__movies__MoviesResult {
  """
  list of movies
  """
  result: [GEN__movies__Movie!]!
}

type Query {
  """
  get all movies
  """
  GEN__movies__AnotherExample__GetMovies(movieRequest: GEN__movies__MovieRequest!): GEN__movies__MoviesResult @grpc(url: "http://localhost:50051", body: "{{.args.movieRequest}}", method: "movies.AnotherExample.GetMovies")
  """
  search movies by the name of the cast
  """
  GEN__movies__AnotherExample__SearchMoviesByCast(searchByCastRequest: GEN__movies__SearchByCastRequest!): GEN__movies__Movie @grpc(url: "http://localhost:50051", body: "{{.args.searchByCastRequest}}", method: "movies.AnotherExample.SearchMoviesByCast")
  """
  get all movies
  """
  GEN__movies__Example__GetMovies(movieRequest: GEN__movies__MovieRequest!): GEN__movies__MoviesResult @grpc(url: "http://localhost:50051", body: "{{.args.movieRequest}}", method: "movies.Example.GetMovies")
  """
  search movies by the name of the cast
  """
  GEN__movies__Example__SearchMoviesByCast(searchByCastRequest: GEN__movies__SearchByCastRequest!): GEN__movies__Movie @grpc(url: "http://localhost:50051", body: "{{.args.searchByCastRequest}}", method: "movies.Example.SearchMoviesByCast")
}
