---
source: tests/core/spec.rs
expression: response
---
{
  "status": 500,
  "headers": {
    "content-type": "application/json"
  },
  "body": {
    "data": {
      "user": null
    },
    "errors": [
      {
        "message": "internal: non-null types require a return value",
        "locations": [
          {
            "line": 3,
            "column": 5
          }
        ],
        "path": [
          "user",
          "id"
        ]
      },
      {
        "message": "internal: non-null types require a return value",
        "locations": [
          {
            "line": 4,
            "column": 5
          }
        ],
        "path": [
          "user",
          "name"
        ]
      }
    ]
  }
}
